
> swayog-energy@0.0.0 build
> vite build

[36mvite v5.4.21 [32mbuilding for production...[36m[39m
transforming...
[32mΓ£ô[39m 2919 modules transformed.
node.exe : [31mx[39m Build failed in 5.11s
At line:1 char:1
+ & "C:\Program Files\nodejs/node.exe" "C:\Program Files\nodejs/node_mo ...
+ ~~~~~~~~~~~~~~~~~~~~~~~~~~~~~~~~~~~~~~~~~~~~~~~~~~~~~~~~~~~~~~~~~~~~~
    + CategoryInfo          : NotSpecified: ([31mx[39m Build failed in 5.11s:String) [], RemoteException
    + FullyQualifiedErrorId : NativeCommandError
 
[31merror during build:
[31msrc/pages/superadmin/FinancialsTab.tsx (8:2): "useGetMonthlyPnL" is not exported by "src/lib/api-client.ts", 
imported by "src/pages/superadmin/FinancialsTab.tsx".[31m
file: [36mC:/Users/Mayur/OneDrive/Desktop - 
Copy/Desktop/folderX/dashboard_swayog/src/pages/superadmin/FinancialsTab.tsx:8:2[31m
[33m
 6: import { 
 7:   useGetFinancialSummary, 
 8:   useGetMonthlyPnL, 
      ^
 9:   useGetZoneBreakdown, 
10:   useListAmcContracts, 
[31m
    at getRollupError (file:///C:/Users/Mayur/OneDrive/Desktop%20-%20Copy/Desktop/folderX/dashboard_swayog/node_modules
/rollup/dist/es/shared/parseAst.js:406:41)
    at error (file:///C:/Users/Mayur/OneDrive/Desktop%20-%20Copy/Desktop/folderX/dashboard_swayog/node_modules/rollup/d
ist/es/shared/parseAst.js:402:42)
    at Module.error (file:///C:/Users/Mayur/OneDrive/Desktop%20-%20Copy/Desktop/folderX/dashboard_swayog/node_modules/r
ollup/dist/es/shared/node-entry.js:17380:16)
    at Module.traceVariable (file:///C:/Users/Mayur/OneDrive/Desktop%20-%20Copy/Desktop/folderX/dashboard_swayog/node_m
odules/rollup/dist/es/shared/node-entry.js:17813:29)
    at ModuleScope.findVariable (file:///C:/Users/Mayur/OneDrive/Desktop%20-%20Copy/Desktop/folderX/dashboard_swayog/no
de_modules/rollup/dist/es/shared/node-entry.js:15403:39)
    at FunctionScope.findVariable (file:///C:/Users/Mayur/OneDrive/Desktop%20-%20Copy/Desktop/folderX/dashboard_swayog/
node_modules/rollup/dist/es/shared/node-entry.js:5676:38)
    at FunctionBodyScope.findVariable (file:///C:/Users/Mayur/OneDrive/Desktop%20-%20Copy/Desktop/folderX/dashboard_swa
yog/node_modules/rollup/dist/es/shared/node-entry.js:5676:38)
    at Identifier.bind (file:///C:/Users/Mayur/OneDrive/Desktop%20-%20Copy/Desktop/folderX/dashboard_swayog/node_module
s/rollup/dist/es/shared/node-entry.js:5450:40)
    at CallExpression.bind (file:///C:/Users/Mayur/OneDrive/Desktop%20-%20Copy/Desktop/folderX/dashboard_swayog/node_mo
dules/rollup/dist/es/shared/node-entry.js:2832:23)
    at CallExpression.bind (file:///C:/Users/Mayur/OneDrive/Desktop%20-%20Copy/Desktop/folderX/dashboard_swayog/node_mo
dules/rollup/dist/es/shared/node-entry.js:12512:15)[39m
